NAME: matt
MESSAGE: mes